// Jest Snapshot v1, https://goo.gl/fbAQLP

exports[`Portfolio snapshot renders portfolio unchanged 1`] = `
<div>
  <div
    class="nextui-c-kRHeuF nextui-c-kRHeuF-idYPjDv-css nextui-grid-item sm"
  >
    <a
      class="nextui-c-gUrcXm nextui-c-gUrcXm-eAdznm-color-default nextui-c-gUrcXm-iFdQKc-animated-true"
      href="/portfolio/github-user-search"
    >
      <div
        class="nextui-c-kltynt nextui-c-kltynt-fKnEka-color-default nextui-c-kltynt-iVCgFB-shadow-true nextui-c-kltynt-kUADSW-bordered-true nextui-c-kltynt-bzEnZV-borderWeight-normal nextui-c-kltynt-cuwTXc-animated-true nextui-c-kltynt-fukMnu-cover-true"
        role="section"
        tabindex="-1"
      >
        <div
          class="nextui-c-bhXgwN nextui-c-bhXgwN-icwRywK-css"
        >
          <div
            class="nextui-c-cMTZRp nextui-c-cMTZRp-ijmTDtb-css"
          >
            <h4
              class="nextui-c-PJLV nextui-c-PJLV-ichZEZp-css"
            />
            <span
              aria-hidden="true"
              class="nextui-c-gNVTSf nextui-c-gNVTSf-hakyQ-inline-false nextui-c-gNVTSf-igvLppd-css"
            />
          </div>
        </div>
        <div
          class="nextui-c-bVLlAJ nextui-c-bVLlAJ-bDGmTT-ready-true nextui-c-bVLlAJ-iiWEgdr-css nextui-image-container nextui-image--loading"
          data-state="loading"
        >
          <div
            class="nextui-c-FIiRH nextui-c-FIiRH-ibDGmTT-css nextui-image-skeleton"
          />
          <img
            alt=""
            class="nextui-c-kbhVdb nextui-c-kbhVdb-ikZHsFe-css nextui-image"
            data-state="loading"
            src="/images/github-search-dark.png"
            width="100%"
          />
        </div>
      </div>
    </a>
  </div>
  <div
    class="nextui-c-kRHeuF nextui-c-kRHeuF-idYPjDv-css nextui-grid-item sm"
  >
    <a
      class="nextui-c-gUrcXm nextui-c-gUrcXm-eAdznm-color-default nextui-c-gUrcXm-iFdQKc-animated-true"
      href="/portfolio/to-do"
    >
      <div
        class="nextui-c-kltynt nextui-c-kltynt-fKnEka-color-default nextui-c-kltynt-iVCgFB-shadow-true nextui-c-kltynt-kUADSW-bordered-true nextui-c-kltynt-bzEnZV-borderWeight-normal nextui-c-kltynt-cuwTXc-animated-true nextui-c-kltynt-fukMnu-cover-true"
        role="section"
        tabindex="-1"
      >
        <div
          class="nextui-c-bhXgwN nextui-c-bhXgwN-icwRywK-css"
        >
          <div
            class="nextui-c-cMTZRp nextui-c-cMTZRp-ijmTDtb-css"
          >
            <h4
              class="nextui-c-PJLV nextui-c-PJLV-ichZEZp-css"
            />
            <span
              aria-hidden="true"
              class="nextui-c-gNVTSf nextui-c-gNVTSf-hakyQ-inline-false nextui-c-gNVTSf-igvLppd-css"
            />
          </div>
        </div>
        <div
          class="nextui-c-bVLlAJ nextui-c-bVLlAJ-bDGmTT-ready-true nextui-c-bVLlAJ-iiWEgdr-css nextui-image-container nextui-image--loading"
          data-state="loading"
        >
          <div
            class="nextui-c-FIiRH nextui-c-FIiRH-ibDGmTT-css nextui-image-skeleton"
          />
          <img
            alt=""
            class="nextui-c-kbhVdb nextui-c-kbhVdb-ikZHsFe-css nextui-image"
            data-state="loading"
            src="/images/todo-dark.png"
            width="100%"
          />
        </div>
      </div>
    </a>
  </div>
  <div
    class="nextui-c-kRHeuF nextui-c-kRHeuF-idYPjDv-css nextui-grid-item sm"
  >
    <a
      class="nextui-c-gUrcXm nextui-c-gUrcXm-eAdznm-color-default nextui-c-gUrcXm-iFdQKc-animated-true"
      href="/portfolio/markdown"
    >
      <div
        class="nextui-c-kltynt nextui-c-kltynt-fKnEka-color-default nextui-c-kltynt-iVCgFB-shadow-true nextui-c-kltynt-kUADSW-bordered-true nextui-c-kltynt-bzEnZV-borderWeight-normal nextui-c-kltynt-cuwTXc-animated-true nextui-c-kltynt-fukMnu-cover-true"
        role="section"
        tabindex="-1"
      >
        <div
          class="nextui-c-bhXgwN nextui-c-bhXgwN-icwRywK-css"
        >
          <div
            class="nextui-c-cMTZRp nextui-c-cMTZRp-ijmTDtb-css"
          >
            <h4
              class="nextui-c-PJLV nextui-c-PJLV-ichZEZp-css"
            />
            <span
              aria-hidden="true"
              class="nextui-c-gNVTSf nextui-c-gNVTSf-hakyQ-inline-false nextui-c-gNVTSf-igvLppd-css"
            />
          </div>
        </div>
        <div
          class="nextui-c-bVLlAJ nextui-c-bVLlAJ-bDGmTT-ready-true nextui-c-bVLlAJ-iiWEgdr-css nextui-image-container nextui-image--loading"
          data-state="loading"
        >
          <div
            class="nextui-c-FIiRH nextui-c-FIiRH-ibDGmTT-css nextui-image-skeleton"
          />
          <img
            alt=""
            class="nextui-c-kbhVdb nextui-c-kbhVdb-ikZHsFe-css nextui-image"
            data-state="loading"
            src="/images/markdown-preview-dark.png"
            width="100%"
          />
        </div>
      </div>
    </a>
  </div>
  <div
    class="nextui-c-kRHeuF nextui-c-kRHeuF-idYPjDv-css nextui-grid-item sm"
  >
    <a
      class="nextui-c-gUrcXm nextui-c-gUrcXm-eAdznm-color-default nextui-c-gUrcXm-iFdQKc-animated-true"
      href="/portfolio/reduce-text"
    >
      <div
        class="nextui-c-kltynt nextui-c-kltynt-fKnEka-color-default nextui-c-kltynt-iVCgFB-shadow-true nextui-c-kltynt-kUADSW-bordered-true nextui-c-kltynt-bzEnZV-borderWeight-normal nextui-c-kltynt-cuwTXc-animated-true nextui-c-kltynt-fukMnu-cover-true"
        role="section"
        tabindex="-1"
      >
        <div
          class="nextui-c-bhXgwN nextui-c-bhXgwN-icwRywK-css"
        >
          <div
            class="nextui-c-cMTZRp nextui-c-cMTZRp-ijmTDtb-css"
          >
            <h4
              class="nextui-c-PJLV nextui-c-PJLV-ichZEZp-css"
            />
            <span
              aria-hidden="true"
              class="nextui-c-gNVTSf nextui-c-gNVTSf-hakyQ-inline-false nextui-c-gNVTSf-igvLppd-css"
            />
          </div>
        </div>
        <div
          class="nextui-c-bVLlAJ nextui-c-bVLlAJ-bDGmTT-ready-true nextui-c-bVLlAJ-iiWEgdr-css nextui-image-container nextui-image--loading"
          data-state="loading"
        >
          <div
            class="nextui-c-FIiRH nextui-c-FIiRH-ibDGmTT-css nextui-image-skeleton"
          />
          <img
            alt=""
            class="nextui-c-kbhVdb nextui-c-kbhVdb-ikZHsFe-css nextui-image"
            data-state="loading"
            src="/images/reduce-dark.png"
            width="100%"
          />
        </div>
      </div>
    </a>
  </div>
  <div
    class="nextui-c-kRHeuF nextui-c-kRHeuF-idYPjDv-css nextui-grid-item sm"
  >
    <a
      class="nextui-c-gUrcXm nextui-c-gUrcXm-eAdznm-color-default nextui-c-gUrcXm-iFdQKc-animated-true"
      href="/portfolio/pokemon"
    >
      <div
        class="nextui-c-kltynt nextui-c-kltynt-fKnEka-color-default nextui-c-kltynt-iVCgFB-shadow-true nextui-c-kltynt-kUADSW-bordered-true nextui-c-kltynt-bzEnZV-borderWeight-normal nextui-c-kltynt-cuwTXc-animated-true nextui-c-kltynt-fukMnu-cover-true"
        role="section"
        tabindex="-1"
      >
        <div
          class="nextui-c-bhXgwN nextui-c-bhXgwN-icwRywK-css"
        >
          <div
            class="nextui-c-cMTZRp nextui-c-cMTZRp-ijmTDtb-css"
          >
            <h4
              class="nextui-c-PJLV nextui-c-PJLV-ichZEZp-css"
            />
            <span
              aria-hidden="true"
              class="nextui-c-gNVTSf nextui-c-gNVTSf-hakyQ-inline-false nextui-c-gNVTSf-igvLppd-css"
            />
          </div>
        </div>
        <div
          class="nextui-c-bVLlAJ nextui-c-bVLlAJ-bDGmTT-ready-true nextui-c-bVLlAJ-iiWEgdr-css nextui-image-container nextui-image--loading"
          data-state="loading"
        >
          <div
            class="nextui-c-FIiRH nextui-c-FIiRH-ibDGmTT-css nextui-image-skeleton"
          />
          <img
            alt=""
            class="nextui-c-kbhVdb nextui-c-kbhVdb-ikZHsFe-css nextui-image"
            data-state="loading"
            src="/images/pokemon-dark.png"
            width="100%"
          />
        </div>
      </div>
    </a>
  </div>
  <div
    class="nextui-c-kRHeuF nextui-c-kRHeuF-idYPjDv-css nextui-grid-item sm"
  >
    <a
      class="nextui-c-gUrcXm nextui-c-gUrcXm-eAdznm-color-default nextui-c-gUrcXm-iFdQKc-animated-true"
      href="/portfolio/fquiz"
    >
      <div
        class="nextui-c-kltynt nextui-c-kltynt-fKnEka-color-default nextui-c-kltynt-iVCgFB-shadow-true nextui-c-kltynt-kUADSW-bordered-true nextui-c-kltynt-bzEnZV-borderWeight-normal nextui-c-kltynt-cuwTXc-animated-true nextui-c-kltynt-fukMnu-cover-true"
        role="section"
        tabindex="-1"
      >
        <div
          class="nextui-c-bhXgwN nextui-c-bhXgwN-icwRywK-css"
        >
          <div
            class="nextui-c-cMTZRp nextui-c-cMTZRp-ijmTDtb-css"
          >
            <h4
              class="nextui-c-PJLV nextui-c-PJLV-ichZEZp-css"
            />
            <span
              aria-hidden="true"
              class="nextui-c-gNVTSf nextui-c-gNVTSf-hakyQ-inline-false nextui-c-gNVTSf-igvLppd-css"
            />
          </div>
        </div>
        <div
          class="nextui-c-bVLlAJ nextui-c-bVLlAJ-bDGmTT-ready-true nextui-c-bVLlAJ-iiWEgdr-css nextui-image-container nextui-image--loading"
          data-state="loading"
        >
          <div
            class="nextui-c-FIiRH nextui-c-FIiRH-ibDGmTT-css nextui-image-skeleton"
          />
          <img
            alt=""
            class="nextui-c-kbhVdb nextui-c-kbhVdb-ikZHsFe-css nextui-image"
            data-state="loading"
            src="/images/fquiz-dark.png"
            width="100%"
          />
        </div>
      </div>
    </a>
  </div>
</div>
`;
